// Vitest Snapshot v1, https://vitest.dev/guide/snapshot.html

exports[`public barrel value exports > matches the frozen export-name inventory 1`] = `
[
  "Accordion",
  "ActionButton",
  "Avatar",
  "Badge",
  "Banner",
  "BarChart",
  "BevelButton",
  "Breadcrumb",
  "CTA",
  "Checkbox",
  "Chip",
  "ColorPicker",
  "CommandPalette",
  "ConfirmDialog",
  "ContextMenu",
  "ControlSurface",
  "ControllerContext",
  "ControllerProvider",
  "DPad",
  "DataTable",
  "Dialog",
  "Drawer",
  "EAccordionItemState",
  "EAccordionMode",
  "EAvatarContent",
  "EAvatarShape",
  "EAvatarSize",
  "EAxis2DSource",
  "EBadgeKind",
  "EBannerKind",
  "EBevelCorners",
  "EBindingConflictKind",
  "EBreadcrumbCrumbState",
  "ECapsLockState",
  "EChartA11yDetail",
  "ECheckedState",
  "EChipState",
  "EColorMode",
  "EColumnAlign",
  "ECommandFilterMode",
  "ECommandRowKind",
  "EConnectionState",
  "ECtaSize",
  "ECtaVariant",
  "EDialogSize",
  "EDpadDirection",
  "EDpadMode",
  "EDrawerEdge",
  "EDrawerMode",
  "EEmptyStateRole",
  "EEnabledState",
  "EFooterLiveness",
  "EFooterRegion",
  "EFooterStatus",
  "EGesture",
  "EInputInteraction",
  "EInputValueType",
  "EKeyValueOverflow",
  "EListRowState",
  "ELoadStatus",
  "EMarqueeDirection",
  "EMarqueePlayState",
  "EMenuNodeKind",
  "EMenuOrientation",
  "ENavItemState",
  "EPaginationEdge",
  "EPanelElevation",
  "EPopoverPlacement",
  "EPopoverRole",
  "EPressState",
  "EProgressMode",
  "ERadioOrientation",
  "ERadioState",
  "ERatingMarkState",
  "ERevealState",
  "EScanlineExtent",
  "EScanlineFlicker",
  "ESearchBoxState",
  "ESecretAutocomplete",
  "ESegmentState",
  "ESelectionMode",
  "ESelectionState",
  "ESkeletonAnimation",
  "ESkeletonVariant",
  "ESortDirection",
  "ESplitOrientation",
  "EStatTileEmphasis",
  "EStatTrend",
  "EStepState",
  "ETabState",
  "ETextFieldType",
  "ETextRole",
  "ETitleBarLandmark",
  "EToastKind",
  "EToastPlacement",
  "ETreeNodeState",
  "EUiStatus",
  "EVisibility",
  "EWindowResizeEdge",
  "EWindowResizeMode",
  "EWindowState",
  "EmptyState",
  "FALLBACK_VIEWPORT_ROWS",
  "HudPanel",
  "InputBindingRegistry",
  "Joystick",
  "KeyValue",
  "LegendRow",
  "List",
  "LocalInputTransport",
  "MOTION_DURATION",
  "Marquee",
  "Menu",
  "MenuBar",
  "NavRail",
  "NumberStepper",
  "OVERSCAN_DEFAULT",
  "PORTAL_TOKENS",
  "PORTAL_TONE",
  "Pagination",
  "Panel",
  "Popover",
  "Progress",
  "PromptDialog",
  "RadioGroup",
  "RankedBars",
  "Rating",
  "RatioBar",
  "ReadoutPanel",
  "Scanlines",
  "SearchBox",
  "SearchableList",
  "SecretField",
  "Section",
  "SegmentedControl",
  "Select",
  "SelectableTile",
  "SelectionContext",
  "SelectionProvider",
  "Skeleton",
  "Slider",
  "SplitPane",
  "StackedBar",
  "StatPill",
  "StatTile",
  "StatusFooter",
  "StepTrack",
  "Tabs",
  "Text",
  "TextField",
  "Thumbpad",
  "TileRow",
  "TimeProviderContext",
  "TitleBar",
  "ToastProvider",
  "Toggle",
  "Tooltip",
  "TreeView",
  "Window",
  "applyDeadZone",
  "bindingsForAction",
  "claimPointer",
  "clampToUnitCircle",
  "collapseAll",
  "createInputSource",
  "createPointerTracker",
  "createRegistry",
  "detectConflicts",
  "expandAll",
  "fuzzyMatch",
  "isActivePointer",
  "isValueForType",
  "nextCheckedState",
  "performanceNowTimeProvider",
  "pulse",
  "releasePointer",
  "resolveAxis2D",
  "resolveBinding",
  "resolveDelta",
  "riseIn",
  "serializeBindings",
  "setExpanded",
  "toWireInput",
  "toggleExpanded",
  "toneProperties",
  "useAnime",
  "useAxis2DControl",
  "useChangeMotion",
  "useControllerContext",
  "useDigitalPress",
  "useDismiss",
  "useElementSize",
  "useEmitBinding",
  "useEntranceMotion",
  "useEntranceOnReady",
  "useFocusTrap",
  "useGesture",
  "useInputBinding",
  "useInputSource",
  "usePointerControl",
  "usePointerDrag",
  "useReducedMotion",
  "useRelativePointerControl",
  "useResolvedEnabled",
  "useScalarControl",
  "useScrollLock",
  "useSelectionContext",
  "useTimeProvider",
  "useToast",
  "useVirtualWindow",
]
`;
